xxxxxxxxxxxxxxxxxxxxxxxxxxxxxxxxxxxxxxxxxxxxxxxxxxxxxxxxxxxxx
x       x                           x       x                $ EXIT $
x   x   x   xxxxxxxxxxxxx   xxxxx   x   xxxxx   xxxxxxxxx   x
x   x   x   x           x   x   x   x   x       x       x   x
x   x   x   xxxxxxxxx   x   x   x   x   x   xxxxx   x   x   x
x   x   x               x   x   x   x   x   x   x   x       x
x   xxxxxxxxxxxxxxxxx   x   x   x   x   x   x   x   x   x   x
x         1             x   x       x   x       x   x   x   x
x   xxxxxxxxxxxxxxxxxxxxx   xxxxx   x   xxxxx   x   x   x   x
x   x                   x       x   x           x   x   x   x
x   x  xxxxxxxxxxxxxxxxxxxxxx   x   x   xxxxxxxxx   x   x   x
x   x                       x   x   x   x       x   x   x   x
x   xxxxxxxxx   xxxxx   x   x   x   x   xxxxx   x   x   x   x
x   x       x   x   x   x   x   x   x           x   x   x   x
x   x   x   x   x   x   xxxxx   x   xxxxxxxxxxxxx   x   x   x
x       x   x   x   x       x   x   x               x   x   x
xxxxxxxxx   x   x   xxxxx   x   x   x   xxxxxxxxxxxxx   xxxxx
x       x   x           x   x   x   x               x       x
x   x   x   xxxxxxxxxxxxx   x   x   xxxxxxxxxxxxx   xxxxx   x
x   x   x                   x   x               x       x   x
x   x   xxxxxxxxxxxxxxxxx   x   xxxxxxxxxxxxx   x   xxxxx   x
x   x                   x   x       2       x   x       x   x
x   xxxxxxxxxxxxxxxxx   x   xxxxxxxxxxxxx   x   xxxxx   x   x
x       x               x   x           x   x           x   x
x   x   x   xxxxxxxxxxxxx   xxxxx   x   x   x   xxxxxxxxx   x
x   x   x       x       x           x   x   x   x      3    x
x   x   xxxxx   x   x   xxxxxxxxxxxxx   x   x   x   xxxxxxxxx
x   x   x       x   x                   x   x   x   x       x
x   x   xxxxxxxxx   xxxxxxxxxxxxxxxxxxxxx   xxxxx   xxxxx   x
x P x                                   x                   x
xxxxxxxxxxxxxxxxxxxxxxxxxxxxxxxxxxxxxxxxxxxxxxxxxxxxxxxxxxxxx
