aback
about
above
abuse
actor
acute
adapt
admit
adopt
adult
after
again
agent
agile
aging
agree
ahead
alarm
alert
alien
align
alike
alive
allow
alone
along
aloud
alpha
alter
alway
amass
amaze
among
ample
amply
amuse
angel
anger
angle
angry
ankle
annoy
apart
apple
apply
argue
arise
array
arrow
aside
audio
avail
avert
avoid
await
awake
award
aware
awful
bacon
baker
basic
basin
basis
bathe
beach
beams
beard
beast
begin
belly
below
bench
bingo
birth
bitch
black
blame
blank
blink
block
blood
board
boast
bonus
boost
booth
bored
brace
brain
brand
brass
brave
braze
bread
break
breed
brick
bride
brief
bring
brisk
broad
broom
brown
buddy
build
burst
camel
canal
candy
cargo
carry
catch
cater
cause
cease
chain
chair
chaos
chart
chase
cheap
cheat
check
cheek
chess
chief
child
chili
chill
chips
chirp
choir
chord
civil
claim
class
clean
clear
clerk
click
clock
close
cloth
cloud
coach
coast
color
comic
coral
couch
cough
could
count
court
cover
crack
craft
crazy
cream
creep
crime
crise
crisp
croak
cross
crown
cruel
crush
cubic
curry
curse
curve
daddy
daily
dairy
dance
death
debug
decay
delay
dense
depth
devil
diary
digit
diner
dirty
disco
dived
diver
dizzy
doing
doubt
dough
dozen
draft
drain
drama
dream
dress
drill
drink
drown
dusty
dying
eager
eagle
early
earth
eight
elbow
elder
elect
elite
email
embed
emoji
empty
endow
enemy
enjoy
enrol
enter
entry
equal
equip
error
erupt
essay
evade
event
every
evoke
exact
excel
exert
exist
expel
extra
fairy
faith
false
fancy
fatal
fatty
fault
fauna
favor
feast
fence
ferry
fetch
fever
fewer
fibre
field
fifth
fifty
fight
final
first
flame
flash
fleet
flesh
float
flood
floor
flora
flour
flush
focus
force
forth
forty
forum
found
frame
frank
fresh
front
frown
fruit
funny
ghost
giant
glass
goose
gorge
grace
grade
grain
grand
grant
grape
graph
grasp
grass
green
greet
grind
group
guard
guess
guest
guide
habit
halve
handy
happy
harsh
heart
heavy
hello
hobby
honey
horse
hotel
house
human
humor
hurry
hydro
ideal
idiom
image
imply
index
inner
input
intel
inter
issue
joker
judge
juice
juicy
kayak
knife
knock
label
labor
laugh
layer
learn
least
leave
lemon
level
light
limit
liter
local
logic
login
loose
loser
lover
lower
loyal
lucky
lunar
lunch
major
mango
march
maths
maybe
media
mercy
merge
merit
merry
messy
meter
metro
micro
midst
might
mimic
minor
model
moist
mommy
money
month
moral
mould
mound
mount
mourn
mouse
mouth
movie
music
naive
nasty
nerve
never
niece
ninth
noble
north
novel
nudge
nurse
oasis
occur
ocean
offer
olive
onion
opera
orbit
organ
other
ought
outer
owner
oxide
paint
panda
panic
paper
party
pasta
pause
peace
peach
pearl
pedal
penny
phase
photo
piano
pilot
pitch
pizza
plain
plank
plant
pocky
point
polar
pound
power
press
price
pride
prime
print
prior
prize
prone
proof
proud
prove
purse
queen
queue
quick
quiet
quite
quota
quote
radio
rainy
raise
range
rapid
razor
reach
react
ready
relax
relay
relic
remix
repay
reply
reset
rhyme
rifle
right
rigid
risky
river
roast
robot
rough
round
route
royal
rugby
rumor
rural
salad
salty
sauce
scale
scare
scarf
scary
scene
scold
score
seize
sense
serve
seven
shade
shake
shall
shame
shape
share
shark
sharp
sheep
shelf
shell
shine
shock
shoot
short
shout
shrug
sight
silly
since
sixth
sixty
skate
skill
sleep
slice
slide
slope
small
smart
smash
smell
smile
smoke
snack
snake
snowy
solar
solid
solve
sorry
sound
south
space
speed
spell
spend
spicy
spier
spine
split
spoil
spoon
sport
spray
sprit
staff
stair
stamp
stand
start
state
steak
stern
stiff
still
stirp
stone
store
storm
story
stout
study
stuff
stunt
style
sugar
sunny
surge
swear
sweat
sweep
sweet
swell
swift
swing
sword
table
taste
tasty
teach
tease
teddy
teeth
tempt
tense
tenth
thank
theme
there
thick
thief
thing
think
third
those
threw
throw
thumb
tidal
tiger
tight
timid
toast
today
tooth
topic
total
touch
tough
towel
tower
toxic
trace
track
trade
train
trait
treat
trial
truck
trunk
truss
trust
truth
tutor
twice
twins
twist
unbox
uncap
uncle
unfit
unfix
unify
union
unite
unity
untie
until
unzip
upper
upset
urban
usage
usual
vague
valid
value
venue
verge
video
virus
visit
vital
vocal
voice
waltz
wanna
waste
watch
water
weigh
weird
whale
wheat
wheel
where
which
while
white
whole
widow
width
windy
woman
women
world
worry
worse
worst
worth
would
wound
wreck
wrist
write
wrong
yield
yogas
young
youth
yummy
zebra
